


    <nav role="navigation" class="flex items-center justify-between">
        <div class="flex-1 flex items-center justify-between">
            <div>
                <span class="relative z-0 inline-flex shadow-sm">
                    
    
            
    <span aria-disabled="true">
        <span class="relative inline-flex items-center px-4 py-2 text-sm font-medium text-gray-500 bg-white border border-gray-300 cursor-default rounded-l-md leading-5">
            
    
            Previous
        

        </span>
    </span>

        

    

    

    

    
        
        
                
    <span aria-current="page"><span class="relative inline-flex items-center px-4 py-2 -ml-px text-sm font-medium text-gray-500 bg-white border border-gray-300 cursor-default leading-5">1</span></span>

            
    
        
        
                
    <a class="relative inline-flex items-center px-4 py-2 -ml-px text-sm font-medium text-gray-700 bg-white border border-gray-300 leading-5 hover:text-gray-500 focus:z-10 focus:outline-none focus:border-blue-300 focus:shadow-outline-blue active:bg-gray-100 active:text-gray-700 transition ease-in-out duration-150" href="/p/2">2</a>

            
    
        
        
                
    <a class="relative inline-flex items-center px-4 py-2 -ml-px text-sm font-medium text-gray-700 bg-white border border-gray-300 leading-5 hover:text-gray-500 focus:z-10 focus:outline-none focus:border-blue-300 focus:shadow-outline-blue active:bg-gray-100 active:text-gray-700 transition ease-in-out duration-150" href="/p/3">3</a>

            
    
        
        
                
    <a class="relative inline-flex items-center px-4 py-2 -ml-px text-sm font-medium text-gray-700 bg-white border border-gray-300 leading-5 hover:text-gray-500 focus:z-10 focus:outline-none focus:border-blue-300 focus:shadow-outline-blue active:bg-gray-100 active:text-gray-700 transition ease-in-out duration-150" href="/p/4">4</a>

            
    
        
        
                
    <a class="relative inline-flex items-center px-4 py-2 -ml-px text-sm font-medium text-gray-700 bg-white border border-gray-300 leading-5 hover:text-gray-500 focus:z-10 focus:outline-none focus:border-blue-300 focus:shadow-outline-blue active:bg-gray-100 active:text-gray-700 transition ease-in-out duration-150" href="/p/5">5</a>

            
    

    
        
    <span aria-disabled="true"><span class="relative inline-flex items-center px-4 py-2 -ml-px text-sm font-medium text-gray-700 bg-white border border-gray-300 cursor-default leading-5">&hellip;</span></span>

    

    

    
        
        
        
    <a class="relative inline-flex items-center px-4 py-2 -ml-px text-sm font-medium text-gray-700 bg-white border border-gray-300 leading-5 hover:text-gray-500 focus:z-10 focus:outline-none focus:border-blue-300 focus:shadow-outline-blue active:bg-gray-100 active:text-gray-700 transition ease-in-out duration-150" href="/p/26">26</a>

    

    
            
            
            
    <a class="relative inline-flex items-center px-4 py-2 -ml-px text-sm font-medium text-gray-700 bg-white border border-gray-300 rounded-r-md leading-5 hover:text-gray-500 focus:z-10 focus:outline-none focus:border-blue-300 focus:shadow-outline-blue active:bg-gray-100 active:text-gray-700 transition ease-in-out duration-150" href="/p/2" rel="next">
        
    
            Next
        

    </a>

        

                </span>
            </div>
        </div>
    </nav>
























