


    <nav class="pagination">
        
    
            
    <li class="disabled"><span>
    
            Previous
        
</span></li>

        

    

    

    

    
        
        
                
    <li class="active" aria-current="page"><span>1</span></li>

            
    
        
        
                
    <li><a href="/p/2">2</a></li>

            
    
        
        
                
    <li><a href="/p/3">3</a></li>

            
    
        
        
                
    <li><a href="/p/4">4</a></li>

            
    
        
        
                
    <li><a href="/p/5">5</a></li>

            
    

    
        
    <li class="disabled"><span>&hellip;</span></li>

    

    

    
        
        
        
    <li><a href="/p/26">26</a></li>

    

    
            
            
            
    <li><a href="/p/2" rel="next">
    
            Next
        
</a></li>

        

    </nav>






















