


    <ul class="pagination">
        
    
            
    <li class="page-item disabled"><span class="page-link">
    
            Previous
        
</span></li>

        

    

    

    

    
        
        
                
    <li class="page-item active" aria-current="page"><span class="page-link">1</span></li>

            
    
        
        
                
    <li class="page-item"><a class="page-link" href="/p/2">2</a></li>

            
    
        
        
                
    <li class="page-item"><a class="page-link" href="/p/3">3</a></li>

            
    
        
        
                
    <li class="page-item"><a class="page-link" href="/p/4">4</a></li>

            
    
        
        
                
    <li class="page-item"><a class="page-link" href="/p/5">5</a></li>

            
    

    
        
    <li class="page-item disabled"><span class="page-link">&hellip;</span></li>

    

    

    
        
        
        
    <li class="page-item"><a class="page-link" href="/p/26">26</a></li>

    

    
            
            
            
    <li class="page-item"><a class="page-link" href="/p/2" rel="next">
    
            Next
        
</a></li>

        

    </ul>






















