
<nav class="pagination"><span class="pagination__item pagination__item--previous-page pagination__item--disabled">Previous</span><span class="pagination__item pagination__item--current-page">1</span><a class="pagination__item" href="/p/2">2</a><a class="pagination__item" href="/p/3">3</a><a class="pagination__item" href="/p/4">4</a><a class="pagination__item" href="/p/5">5</a><span class="pagination__item pagination__item--separator">&hellip;</span><a class="pagination__item" href="/p/26">26</a><a class="pagination__item pagination__item--next-page" href="/p/2" rel="next">Next</a></nav>

