
<nav aria-label="Pagination"><ul class="pagination"><li class="pagination-previous disabled">Previous</li><li class="current">1</li><li><a href="/p/2">2</a></li><li><a href="/p/3">3</a></li><li><a href="/p/4">4</a></li><li><a href="/p/5">5</a></li><li><a href="/p/6">6</a></li><li><a href="/p/7">7</a></li><li aria-hidden="true" class="ellipsis"></li><li><a href="/p/26">26</a></li><li class="pagination-next"><a href="/p/2" rel="next">Next</a></li></ul></nav>

