
<div class="ui pagination menu"><div class="item  disabled">Previous</div><div class="item active">1</div><a class="item " href="/p/2">2</a><a class="item " href="/p/3">3</a><a class="item " href="/p/4">4</a><a class="item " href="/p/5">5</a><a class="item " href="/p/6">6</a><a class="item " href="/p/7">7</a><div class="item disabled">&hellip;</div><a class="item " href="/p/26">26</a><a class="item " href="/p/2" rel="next">Next</a></div>

