
<div class="pagination"><ul><li class="disabled"><span>Previous</span></li><li class="active"><span>1</span></li><li class=""><a href="/p/2">2</a></li><li class=""><a href="/p/3">3</a></li><li class=""><a href="/p/4">4</a></li><li class=""><a href="/p/5">5</a></li><li class=""><a href="/p/6">6</a></li><li class=""><a href="/p/7">7</a></li><li class="disabled"><span>&hellip;</span></li><li class=""><a href="/p/26">26</a></li><li class=""><a href="/p/2" rel="next">Next</a></li></ul></div>

