



    <nav class="pagination">
        
    
            
    <span class="pagination__item pagination__item--previous-page pagination__item--disabled">
        
    
            Previous
        

    </span>

        

    

    

    

    
        
        
                
    <span class="pagination__item pagination__item--current-page" aria-current="page">1</span>

            
    
        
        
                
    <a class="pagination__item" href="2">2</a>

            
    
        
        
                
    <a class="pagination__item" href="3">3</a>

            
    
        
        
                
    <a class="pagination__item" href="4">4</a>

            
    
        
        
                
    <a class="pagination__item" href="5">5</a>

            
    

    
        
    <span class="pagination__item pagination__item--separator">&hellip;</span>

    

    

    
        
        
        
    <a class="pagination__item" href="26">26</a>

    

    
            
            
            
    <a class="pagination__item pagination__item--next-page" href="2" rel="next">
        
    
            Next
        

    </a>

        

    </nav>























