


    <nav aria-label="Pagination">
        <ul class="pagination">
            
    
            
    <li class="pagination-previous disabled">
        
    
            Previous
        

    </li>

        

    

    

    

    
        
        
                
    <li class="current" aria-current="page">1</li>

            
    
        
        
                
    <li><a href="/?tx_typo3pagerfanta_list%5Baction%5D=list&amp;tx_typo3pagerfanta_list%5Bcontroller%5D=Test&amp;tx_typo3pagerfanta_list%5BcurrentPage%5D=2&amp;cHash=1556d1bf5e381faa39dac919a72dc946">2</a></li>

            
    
        
        
                
    <li><a href="/?tx_typo3pagerfanta_list%5Baction%5D=list&amp;tx_typo3pagerfanta_list%5Bcontroller%5D=Test&amp;tx_typo3pagerfanta_list%5BcurrentPage%5D=3&amp;cHash=726a90d0fac22568a1b8414048c1a114">3</a></li>

            
    
        
        
                
    <li><a href="/?tx_typo3pagerfanta_list%5Baction%5D=list&amp;tx_typo3pagerfanta_list%5Bcontroller%5D=Test&amp;tx_typo3pagerfanta_list%5BcurrentPage%5D=4&amp;cHash=5834ae18d7ca9096651a250d0241177f">4</a></li>

            
    
        
        
                
    <li><a href="/?tx_typo3pagerfanta_list%5Baction%5D=list&amp;tx_typo3pagerfanta_list%5Bcontroller%5D=Test&amp;tx_typo3pagerfanta_list%5BcurrentPage%5D=5&amp;cHash=839cb697345af9d3dd09505a79c3805b">5</a></li>

            
    

    
        
    <li class="ellipsis" aria-hidden="true"></li>

    

    

    
        
        
        
    <li><a href="/?tx_typo3pagerfanta_list%5Baction%5D=list&amp;tx_typo3pagerfanta_list%5Bcontroller%5D=Test&amp;tx_typo3pagerfanta_list%5BcurrentPage%5D=26&amp;cHash=3a27896699fd30147ae2e3b806b42349">26</a></li>

    

    
            
            
            
    <li class="pagination-next">
        <a href="/?tx_typo3pagerfanta_list%5Baction%5D=list&amp;tx_typo3pagerfanta_list%5Bcontroller%5D=Test&amp;tx_typo3pagerfanta_list%5BcurrentPage%5D=2&amp;cHash=1556d1bf5e381faa39dac919a72dc946" rel="next">
            
    
            Next
        

        </a>
    </li>

        

        </ul>
    </nav>






















